<html>
<body>
<pre>
<h1>µVision Build Log</h1>
<h2>Tool Versions:</h2>
IDE-Version: µVision V5.40.0.0
Copyright (C) 2024 ARM Ltd and ARM Germany GmbH. All rights reserved.
License Information: Doan Hai, VinFast, LIC=ZB4EI-TYXY7-8TN3P-M5LKP-HCEL3-WWJMG
 
Tool Versions:
Toolchain:       MDK-ARM Plus  Version: 5.40.0.3
Toolchain Path:  B:\Downloads\SoftwareData\STM32_CubeMX__KeilC\KeilC_Data\Keil_v5\ARM\ARMCLANG\Bin
C Compiler:      ArmClang.exe V6.22
Assembler:       Armasm.exe V6.22
Linker/Locator:  ArmLink.exe V6.22
Library Manager: ArmAr.exe V6.22
Hex Converter:   FromElf.exe V6.22
CPU DLL:         SARMCM3.DLL V5.40.0.3
Dialog DLL:      DCM.DLL V1.17.5.0
Target DLL:      STLink\ST-LINKIII-KEIL_SWO.dll V3.3.0.0
Dialog DLL:      TCM.DLL V1.56.4.0
 
<h2>Project:</h2>
E:\STM32_Bare-Metal_Series\03_RCC\03_RCC.uvprojx
Project File Date:  01/02/2025

<h2>Output:</h2>
*** Using Compiler 'V6.22', folder: 'B:\Downloads\SoftwareData\STM32_CubeMX__KeilC\KeilC_Data\Keil_v5\ARM\ARMCLANG\Bin'
Rebuild target 'Target 1'
User/Application/main.c(39): warning: while loop has empty body [-Wempty-body]
   39 |         while(!RCC->RCC_CR.BITS.PLL_RDY);
      |                                         ^
User/Application/main.c(39): note: put the semicolon on a separate line to silence this warning
User/Application/main.c(42): warning: while loop has empty body [-Wempty-body]
   42 |         while(!(RCC->RCC_CFGR.BITS.SWS == 2));
      |                                              ^
User/Application/main.c(42): note: put the semicolon on a separate line to silence this warning
2 warnings generated.
compiling main.c...
compiling GPIO.c...
assembling startup_stm32f10x_ld.s...
compiling system_stm32f10x.c...
linking...
Program Size: Code=1192 RO-data=252 RW-data=0 ZI-data=1632  
".\Objects\03_RCC.axf" - 0 Error(s), 2 Warning(s).

<h2>Software Packages used:</h2>

Package Vendor: ARM
                https://www.keil.com/pack/ARM.CMSIS.6.1.0.pack
                ARM::CMSIS@6.1.0
                CMSIS (Common Microcontroller Software Interface Standard)
   * Component: CORE Version: 6.1.0

Package Vendor: Keil
                https://www.keil.com/pack/Keil.STM32F1xx_DFP.2.4.1.pack
                Keil::STM32F1xx_DFP@2.4.1
                STMicroelectronics STM32F1 Series Device Support, Drivers and Examples
   * Component: Startup Version: 1.0.0

<h2>Collection of Component include folders:</h2>
  ./RTE/Device/STM32F103C6
  ./RTE/_Target_1
  B:/Downloads/SoftwareData/STM32_CubeMX__KeilC/KeilC_Data/Arm/Packs/ARM/CMSIS/6.1.0/CMSIS/Core/Include
  B:/Downloads/SoftwareData/STM32_CubeMX__KeilC/KeilC_Data/Arm/Packs/Keil/STM32F1xx_DFP/2.4.1/Device/Include

<h2>Collection of Component Files used:</h2>

   * Component: ARM::CMSIS:CORE@6.1.0

   * Component: Keil::Device:Startup@1.0.0
      Source file:   Device/Source/ARM/startup_stm32f10x_ld.s
      Include file:  RTE_Driver/Config/RTE_Device.h
      Source file:   Device/Source/system_stm32f10x.c
      Source file:   Device/Source/ARM/STM32F1xx_OPT.s
Build Time Elapsed:  00:00:00
</pre>
</body>
</html>
